probe budget 61.56 failed rc=137
SPDLOG_LEVEL : (null)
2026-09-29 13:39:03.819 INFO Create ArcherAioThread for thread: , 0
2026-09-29 13:39:03.819 INFO Loading index file from , /home/thor/kcj/offload_tmp/qwen30b_2408/archer_index
2026-09-29 13:39:03.828 INFO Index file size , 18867
2026-09-29 13:39:03.829 INFO Device count , 1
2026-09-29 13:39:03.829 INFO Enabled peer access for all devices
[WARNING] FlashAttention is not available in the current environment. Using default attention.
Loading model from offload_path ...
cgroup_io_read_gib=49.323
cgroup_cpu_s=446.3 cgroup_user_s=398.0 cgroup_sys_s=48.3
vice_type='cuda')` instead.
  @custom_bwd
/home/thor/kcj/envs/moeinf2408q/lib/python3.12/site-packages/auto_gptq/nn_modules/triton_utils/kernels.py:461: FutureWarning: `torch.cuda.amp.custom_fwd(args...)` is deprecated. Please use `torch.amp.custom_fwd(args..., device_type='cuda')` instead.
  @custom_fwd(cast_inputs=torch.float16)
CUDA extension not installed.
CUDA extension not installed.

Model create:   0%|          | 0/18866 [00:00<?, ?it/s]
Model create:   1%|▏         | 267/18866 [00:00<00:11, 1593.12it/s]
Model create:  17%|█▋        | 3300/18866 [00:00<00:01, 14815.13it/s]
Model create:  27%|██▋       | 5150/18866 [00:00<00:01, 10401.25it/s]
Model create:  44%|████▍     | 8275/18866 [00:00<00:00, 15942.55it/s]
Model create:  55%|█████▌    | 10460/18866 [00:00<00:00, 12057.46it/s]
Model create:  72%|███████▏  | 13593/18866 [00:00<00:00, 16152.20it/s]
Model create:  89%|████████▉ | 16748/18866 [00:01<00:00, 19737.32it/s]The attention mask is not set and cannot be inferred from input because pad token is same as eos token. As a consequence, you may observe unexpected behavior. Please pass your input's `attention_mask` to obtain reliable results.
/home/thor/kcj/envs/moeinf2408q/lib/python3.12/site-packages/transformers/generation/utils.py:2347: UserWarning: You are calling .generate() with the `input_ids` being on a device type different than your model's device. `input_ids` is on cuda, whereas the model is on cpu. You may experience unexpected behaviors or slower generation. Please make sure that you have put `input_ids` to the correct device by calling for example input_ids = input_ids.to('cpu') before running `.generate()`.
  warnings.warn(

Model create: 19010it [00:20, 19737.32it/s]                           /home/thor/kcj/thor_gtier/scripts/in_cgroup.sh: line 96: 83892 Killed                  ( sudo -n sh -c "echo $BASHPID > $CG/cgroup.procs" || exit 98; exec "$@" )
HOSTGUARD kill: MemAvailable 12123 MiB < 12 GiB (cgroup charges do not include cudaMalloc)
budget 61.56 -> killed/failed (cap 71.02 GiB)
budget 36.94 -> peak 102.84 (target 67.16)
budget 1.25 -> peak 54.27 (target 67.16)
budget 10.72 -> peak 70.63 (target 67.16)
budget 8.71 -> peak 68.17 (target 67.16)
CAL target=67.16 budget=8.713311287946583 peak=68.16690444946289
