probe budget 25.65 failed rc=137
SPDLOG_LEVEL : (null)
2026-09-29 13:24:18.161 INFO Create ArcherAioThread for thread: , 0
2026-09-29 13:24:18.161 INFO Loading index file from , /home/thor/kcj/offload_tmp/qwen30b_2408/archer_index
2026-09-29 13:24:18.170 INFO Index file size , 18867
2026-09-29 13:24:18.170 INFO Device count , 1
2026-09-29 13:24:18.170 INFO Enabled peer access for all devices
[WARNING] FlashAttention is not available in the current environment. Using default attention.
Loading model from offload_path ...
cgroup_io_read_gib=32.531
cgroup_cpu_s=302.7 cgroup_user_s=268.9 cgroup_sys_s=33.8
.cuda.amp.custom_bwd(args...)` is deprecated. Please use `torch.amp.custom_bwd(args..., device_type='cuda')` instead.
  @custom_bwd
/home/thor/kcj/envs/moeinf2408q/lib/python3.12/site-packages/auto_gptq/nn_modules/triton_utils/kernels.py:461: FutureWarning: `torch.cuda.amp.custom_fwd(args...)` is deprecated. Please use `torch.amp.custom_fwd(args..., device_type='cuda')` instead.
  @custom_fwd(cast_inputs=torch.float16)
CUDA extension not installed.
CUDA extension not installed.

Model create:   0%|          | 0/18866 [00:00<?, ?it/s]
Model create:   2%|▏         | 289/18866 [00:00<00:11, 1613.29it/s]
Model create:  16%|█▋        | 3072/18866 [00:00<00:01, 13242.72it/s]
Model create:  26%|██▌       | 4853/18866 [00:00<00:01, 9413.28it/s] 
Model create:  41%|████      | 7715/18866 [00:00<00:00, 14364.63it/s]
Model create:  56%|█████▌    | 10484/18866 [00:00<00:00, 11464.09it/s]
Model create:  72%|███████▏  | 13553/18866 [00:01<00:00, 15253.01it/s]
Model create:  88%|████████▊ | 16665/18866 [00:01<00:00, 18739.39it/s]The attention mask is not set and cannot be inferred from input because pad token is same as eos token. As a consequence, you may observe unexpected behavior. Please pass your input's `attention_mask` to obtain reliable results.
/home/thor/kcj/envs/moeinf2408q/lib/python3.12/site-packages/transformers/generation/utils.py:2347: UserWarning: You are calling .generate() with the `input_ids` being on a device type different than your model's device. `input_ids` is on cuda, whereas the model is on cpu. You may experience unexpected behaviors or slower generation. Please make sure that you have put `input_ids` to the correct device by calling for example input_ids = input_ids.to('cpu') before running `.generate()`.
  warnings.warn(

Model create: 19010it [00:20, 18739.39it/s]                           /home/thor/kcj/thor_gtier/scripts/in_cgroup.sh: line 109: 68916 Killed                  ( sudo -n sh -c "echo $BASHPID > $CG/cgroup.procs" || exit 98; exec "$@" )
budget 25.65 -> killed/failed (cap 33.48 GiB)
probe budget 15.39 failed rc=137
SPDLOG_LEVEL : (null)
2026-09-29 13:25:33.293 INFO Create ArcherAioThread for thread: , 0
2026-09-29 13:25:33.294 INFO Loading index file from , /home/thor/kcj/offload_tmp/qwen30b_2408/archer_index
2026-09-29 13:25:33.302 INFO Index file size , 18867
2026-09-29 13:25:33.303 INFO Device count , 1
2026-09-29 13:25:33.303 INFO Enabled peer access for all devices
[WARNING] FlashAttention is not available in the current environment. Using default attention.
Loading model from offload_path ...
cgroup_io_read_gib=32.501
cgroup_cpu_s=298.7 cgroup_user_s=265.5 cgroup_sys_s=33.2
.cuda.amp.custom_bwd(args...)` is deprecated. Please use `torch.amp.custom_bwd(args..., device_type='cuda')` instead.
  @custom_bwd
/home/thor/kcj/envs/moeinf2408q/lib/python3.12/site-packages/auto_gptq/nn_modules/triton_utils/kernels.py:461: FutureWarning: `torch.cuda.amp.custom_fwd(args...)` is deprecated. Please use `torch.amp.custom_fwd(args..., device_type='cuda')` instead.
  @custom_fwd(cast_inputs=torch.float16)
CUDA extension not installed.
CUDA extension not installed.

Model create:   0%|          | 0/18866 [00:00<?, ?it/s]
Model create:   2%|▏         | 289/18866 [00:00<00:10, 1717.66it/s]
Model create:  17%|█▋        | 3295/18866 [00:00<00:01, 14730.74it/s]
Model create:  27%|██▋       | 5134/18866 [00:00<00:01, 10585.34it/s]
Model create:  44%|████▎     | 8234/18866 [00:00<00:00, 16099.36it/s]
Model create:  56%|█████▌    | 10484/18866 [00:00<00:00, 12081.90it/s]
Model create:  72%|███████▏  | 13584/18866 [00:00<00:00, 16089.02it/s]
Model create:  89%|████████▊ | 16715/18866 [00:01<00:00, 19624.63it/s]The attention mask is not set and cannot be inferred from input because pad token is same as eos token. As a consequence, you may observe unexpected behavior. Please pass your input's `attention_mask` to obtain reliable results.
/home/thor/kcj/envs/moeinf2408q/lib/python3.12/site-packages/transformers/generation/utils.py:2347: UserWarning: You are calling .generate() with the `input_ids` being on a device type different than your model's device. `input_ids` is on cuda, whereas the model is on cpu. You may experience unexpected behaviors or slower generation. Please make sure that you have put `input_ids` to the correct device by calling for example input_ids = input_ids.to('cpu') before running `.generate()`.
  warnings.warn(

Model create: 19010it [00:20, 19624.63it/s]                           /home/thor/kcj/thor_gtier/scripts/in_cgroup.sh: line 109: 69731 Killed                  ( sudo -n sh -c "echo $BASHPID > $CG/cgroup.procs" || exit 98; exec "$@" )
budget 15.39 -> killed/failed (cap 33.48 GiB)
probe budget 9.23 failed rc=137
SPDLOG_LEVEL : (null)
2026-09-29 13:26:47.568 INFO Create ArcherAioThread for thread: , 0
2026-09-29 13:26:47.568 INFO Loading index file from , /home/thor/kcj/offload_tmp/qwen30b_2408/archer_index
2026-09-29 13:26:47.577 INFO Index file size , 18867
2026-09-29 13:26:47.577 INFO Device count , 1
2026-09-29 13:26:47.577 INFO Enabled peer access for all devices
[WARNING] FlashAttention is not available in the current environment. Using default attention.
Loading model from offload_path ...
cgroup_io_read_gib=32.584
cgroup_cpu_s=291.7 cgroup_user_s=259.3 cgroup_sys_s=32.4
.cuda.amp.custom_bwd(args...)` is deprecated. Please use `torch.amp.custom_bwd(args..., device_type='cuda')` instead.
  @custom_bwd
/home/thor/kcj/envs/moeinf2408q/lib/python3.12/site-packages/auto_gptq/nn_modules/triton_utils/kernels.py:461: FutureWarning: `torch.cuda.amp.custom_fwd(args...)` is deprecated. Please use `torch.amp.custom_fwd(args..., device_type='cuda')` instead.
  @custom_fwd(cast_inputs=torch.float16)
CUDA extension not installed.
CUDA extension not installed.

Model create:   0%|          | 0/18866 [00:00<?, ?it/s]
Model create:   1%|▏         | 267/18866 [00:00<00:11, 1584.66it/s]
Model create:  18%|█▊        | 3313/18866 [00:00<00:01, 14832.19it/s]
Model create:  27%|██▋       | 5170/18866 [00:00<00:01, 10429.50it/s]
Model create:  44%|████▎     | 8213/18866 [00:00<00:00, 15741.09it/s]
Model create:  55%|█████▌    | 10460/18866 [00:00<00:00, 11899.04it/s]
Model create:  72%|███████▏  | 13553/18866 [00:00<00:00, 15893.13it/s]
Model create:  88%|████████▊ | 16685/18866 [00:01<00:00, 19452.18it/s]The attention mask is not set and cannot be inferred from input because pad token is same as eos token. As a consequence, you may observe unexpected behavior. Please pass your input's `attention_mask` to obtain reliable results.
/home/thor/kcj/envs/moeinf2408q/lib/python3.12/site-packages/transformers/generation/utils.py:2347: UserWarning: You are calling .generate() with the `input_ids` being on a device type different than your model's device. `input_ids` is on cuda, whereas the model is on cpu. You may experience unexpected behaviors or slower generation. Please make sure that you have put `input_ids` to the correct device by calling for example input_ids = input_ids.to('cpu') before running `.generate()`.
  warnings.warn(

Model create: 19010it [00:20, 19452.18it/s]                           /home/thor/kcj/thor_gtier/scripts/in_cgroup.sh: line 109: 70437 Killed                  ( sudo -n sh -c "echo $BASHPID > $CG/cgroup.procs" || exit 98; exec "$@" )
budget 9.23 -> killed/failed (cap 33.48 GiB)
probe budget 5.54 failed rc=137
SPDLOG_LEVEL : (null)
2026-09-29 13:28:01.609 INFO Create ArcherAioThread for thread: , 0
2026-09-29 13:28:01.609 INFO Loading index file from , /home/thor/kcj/offload_tmp/qwen30b_2408/archer_index
2026-09-29 13:28:01.618 INFO Index file size , 18867
2026-09-29 13:28:01.618 INFO Device count , 1
2026-09-29 13:28:01.618 INFO Enabled peer access for all devices
[WARNING] FlashAttention is not available in the current environment. Using default attention.
Loading model from offload_path ...
cgroup_io_read_gib=32.510
cgroup_cpu_s=294.2 cgroup_user_s=261.7 cgroup_sys_s=32.5
.cuda.amp.custom_bwd(args...)` is deprecated. Please use `torch.amp.custom_bwd(args..., device_type='cuda')` instead.
  @custom_bwd
/home/thor/kcj/envs/moeinf2408q/lib/python3.12/site-packages/auto_gptq/nn_modules/triton_utils/kernels.py:461: FutureWarning: `torch.cuda.amp.custom_fwd(args...)` is deprecated. Please use `torch.amp.custom_fwd(args..., device_type='cuda')` instead.
  @custom_fwd(cast_inputs=torch.float16)
CUDA extension not installed.
CUDA extension not installed.

Model create:   0%|          | 0/18866 [00:00<?, ?it/s]
Model create:   1%|▏         | 267/18866 [00:00<00:11, 1631.59it/s]
Model create:  18%|█▊        | 3319/18866 [00:00<00:01, 15093.25it/s]
Model create:  27%|██▋       | 5181/18866 [00:00<00:01, 10599.26it/s]
Model create:  44%|████▍     | 8299/18866 [00:00<00:00, 16120.76it/s]
Model create:  55%|█████▌    | 10460/18866 [00:00<00:00, 12018.02it/s]
Model create:  72%|███████▏  | 13528/18866 [00:00<00:00, 15981.19it/s]
Model create:  88%|████████▊ | 16667/18866 [00:01<00:00, 19565.54it/s]The attention mask is not set and cannot be inferred from input because pad token is same as eos token. As a consequence, you may observe unexpected behavior. Please pass your input's `attention_mask` to obtain reliable results.
/home/thor/kcj/envs/moeinf2408q/lib/python3.12/site-packages/transformers/generation/utils.py:2347: UserWarning: You are calling .generate() with the `input_ids` being on a device type different than your model's device. `input_ids` is on cuda, whereas the model is on cpu. You may experience unexpected behaviors or slower generation. Please make sure that you have put `input_ids` to the correct device by calling for example input_ids = input_ids.to('cpu') before running `.generate()`.
  warnings.warn(

Model create: 19010it [00:20, 19565.54it/s]                           /home/thor/kcj/thor_gtier/scripts/in_cgroup.sh: line 109: 71138 Killed                  ( sudo -n sh -c "echo $BASHPID > $CG/cgroup.procs" || exit 98; exec "$@" )
budget 5.54 -> killed/failed (cap 33.48 GiB)
probe budget 3.32 failed rc=137
SPDLOG_LEVEL : (null)
2026-09-29 13:29:14.885 INFO Create ArcherAioThread for thread: , 0
2026-09-29 13:29:14.885 INFO Loading index file from , /home/thor/kcj/offload_tmp/qwen30b_2408/archer_index
2026-09-29 13:29:14.894 INFO Index file size , 18867
2026-09-29 13:29:14.894 INFO Device count , 1
2026-09-29 13:29:14.894 INFO Enabled peer access for all devices
[WARNING] FlashAttention is not available in the current environment. Using default attention.
Loading model from offload_path ...
cgroup_io_read_gib=32.441
cgroup_cpu_s=290.8 cgroup_user_s=258.3 cgroup_sys_s=32.5
.cuda.amp.custom_bwd(args...)` is deprecated. Please use `torch.amp.custom_bwd(args..., device_type='cuda')` instead.
  @custom_bwd
/home/thor/kcj/envs/moeinf2408q/lib/python3.12/site-packages/auto_gptq/nn_modules/triton_utils/kernels.py:461: FutureWarning: `torch.cuda.amp.custom_fwd(args...)` is deprecated. Please use `torch.amp.custom_fwd(args..., device_type='cuda')` instead.
  @custom_fwd(cast_inputs=torch.float16)
CUDA extension not installed.
CUDA extension not installed.

Model create:   0%|          | 0/18866 [00:00<?, ?it/s]
Model create:   2%|▏         | 289/18866 [00:00<00:11, 1682.09it/s]
Model create:  17%|█▋        | 3230/18866 [00:00<00:01, 14231.03it/s]
Model create:  27%|██▋       | 5019/18866 [00:00<00:01, 10131.19it/s]
Model create:  42%|████▏     | 8015/18866 [00:00<00:00, 15409.20it/s]
Model create:  56%|█████▌    | 10484/18866 [00:00<00:00, 12032.68it/s]
Model create:  72%|███████▏  | 13532/18866 [00:00<00:00, 15879.76it/s]
Model create:  88%|████████▊ | 16656/18866 [00:01<00:00, 19406.05it/s]The attention mask is not set and cannot be inferred from input because pad token is same as eos token. As a consequence, you may observe unexpected behavior. Please pass your input's `attention_mask` to obtain reliable results.
/home/thor/kcj/envs/moeinf2408q/lib/python3.12/site-packages/transformers/generation/utils.py:2347: UserWarning: You are calling .generate() with the `input_ids` being on a device type different than your model's device. `input_ids` is on cuda, whereas the model is on cpu. You may experience unexpected behaviors or slower generation. Please make sure that you have put `input_ids` to the correct device by calling for example input_ids = input_ids.to('cpu') before running `.generate()`.
  warnings.warn(

Model create: 19010it [00:20, 19406.05it/s]                           /home/thor/kcj/thor_gtier/scripts/in_cgroup.sh: line 109: 71786 Killed                  ( sudo -n sh -c "echo $BASHPID > $CG/cgroup.procs" || exit 98; exec "$@" )
budget 3.32 -> killed/failed (cap 33.48 GiB)
CAL target=31.41 budget=None peak=None
