scrub: 22 files
/home/thor/kcj/envs/moeinf2502/lib/python3.12/site-packages/auto_gptq/nn_modules/triton_utils/kernels.py:410: FutureWarning: `torch.cuda.amp.custom_fwd(args...)` is deprecated. Please use `torch.amp.custom_fwd(args..., device_type='cuda')` instead.
  @custom_fwd
/home/thor/kcj/envs/moeinf2502/lib/python3.12/site-packages/auto_gptq/nn_modules/triton_utils/kernels.py:418: FutureWarning: `torch.cuda.amp.custom_bwd(args...)` is deprecated. Please use `torch.amp.custom_bwd(args..., device_type='cuda')` instead.
  @custom_bwd
/home/thor/kcj/envs/moeinf2502/lib/python3.12/site-packages/auto_gptq/nn_modules/triton_utils/kernels.py:461: FutureWarning: `torch.cuda.amp.custom_fwd(args...)` is deprecated. Please use `torch.amp.custom_fwd(args..., device_type='cuda')` instead.
  @custom_fwd(cast_inputs=torch.float16)
CUDA extension not installed.
CUDA extension not installed.
[WARNING] FlashAttention is not available in the current environment. Using default attention.
Loading model from offload_path ...
Model create:   0%|          | 0/994 [00:00<?, ?it/s]Model create:  18%|█▊        | 180/994 [00:00<00:00, 1694.28it/s]Model create:  39%|███▉      | 387/994 [00:00<00:00, 1909.66it/s]Model create:  62%|██████▏   | 615/994 [00:00<00:00, 1988.05it/s]Model create:  85%|████████▌ | 847/994 [00:00<00:00, 2044.63it/s]The attention mask is not set and cannot be inferred from input because pad token is same as eos token. As a consequence, you may observe unexpected behavior. Please pass your input's `attention_mask` to obtain reliable results.
/home/thor/kcj/envs/moeinf2502/lib/python3.12/site-packages/transformers/generation/utils.py:2097: UserWarning: You are calling .generate() with the `input_ids` being on a device type different than your model's device. `input_ids` is on cuda, whereas the model is on cpu. You may experience unexpected behaviors or slower generation. Please make sure that you have put `input_ids` to the correct device by calling for example input_ids = input_ids.to('cpu') before running `.generate()`.
  warnings.warn(
MixtralConfig {
  "_name_or_path": "/home/thor/kcj/models/mixtral8x7b_bf16",
  "architectures": [
    "MixtralForCausalLM"
  ],
  "attention_dropout": 0.0,
  "bos_token_id": 1,
  "eos_token_id": 2,
  "hidden_act": "silu",
  "hidden_size": 4096,
  "initializer_range": 0.02,
  "intermediate_size": 14336,
  "max_position_embeddings": 32768,
  "model_type": "mixtral",
  "num_attention_heads": 32,
  "num_experts_per_tok": 2,
  "num_hidden_layers": 32,
  "num_key_value_heads": 8,
  "num_local_experts": 8,
  "output_router_logits": false,
  "rms_norm_eps": 1e-05,
  "rope_theta": 1000000.0,
  "router_aux_loss_coef": 0.02,
  "router_jitter_noise": 0.0,
  "sliding_window": null,
  "tie_word_embeddings": false,
  "torch_dtype": "bfloat16",
  "transformers_version": "4.46.3",
  "use_cache": true,
  "vocab_size": 32000
}

[20260928 23:00:56.992449Z ][580555 ][INFO  ]Create ArcherAioThread for thread:  0 - archer_aio_thread.cpp:12
[20260928 23:00:56.992590Z ][580555 ][INFO  ]Loading index file from  /home/thor/kcj/offload_tmp/mixtral8x7b_2502/archer_index - archer_tensor_handle.cpp:43
[20260928 23:00:56.993084Z ][580555 ][INFO  ]Index file size  995 - archer_tensor_handle.cpp:49
[20260928 23:00:56.993298Z ][580555 ][INFO  ]Device count  1 - archer_prefetch_handle.cpp:38
[20260928 23:00:56.993299Z ][580555 ][INFO  ]Enabled peer access for all devices - archer_prefetch_handle.cpp:61
Traceback (most recent call last):
  File "/home/thor/kcj/thor_gtier/scripts/sota_serve.py", line 73, in <module>
    out = model.generate(ids, max_new_tokens=a.max_new, min_new_tokens=a.max_new,
          ^^^^^^^^^^^^^^^^^^^^^^^^^^^^^^^^^^^^^^^^^^^^^^^^^^^^^^^^^^^^^^^^^^^^^^^
  File "/home/thor/kcj/envs/moeinf2502/lib/python3.12/site-packages/moe_infinity/entrypoints/big_modeling.py", line 186, in generate
    return self.model.generate(input_ids, **kwargs)
           ^^^^^^^^^^^^^^^^^^^^^^^^^^^^^^^^^^^^^^^^
  File "/home/thor/Envs/t26/lib/python3.12/site-packages/torch/utils/_contextlib.py", line 124, in decorate_context
    return func(*args, **kwargs)
           ^^^^^^^^^^^^^^^^^^^^^
  File "/home/thor/kcj/envs/moeinf2502/lib/python3.12/site-packages/transformers/generation/utils.py", line 2215, in generate
    result = self._sample(
             ^^^^^^^^^^^^^
  File "/home/thor/kcj/envs/moeinf2502/lib/python3.12/site-packages/transformers/generation/utils.py", line 3206, in _sample
    outputs = self(**model_inputs, return_dict=True)
              ^^^^^^^^^^^^^^^^^^^^^^^^^^^^^^^^^^^^^^
  File "/home/thor/Envs/t26/lib/python3.12/site-packages/torch/nn/modules/module.py", line 1779, in _wrapped_call_impl
    return self._call_impl(*args, **kwargs)
           ^^^^^^^^^^^^^^^^^^^^^^^^^^^^^^^^
  File "/home/thor/Envs/t26/lib/python3.12/site-packages/torch/nn/modules/module.py", line 1885, in _call_impl
    return inner()
           ^^^^^^^
  File "/home/thor/Envs/t26/lib/python3.12/site-packages/torch/nn/modules/module.py", line 1833, in inner
    result = forward_call(*args, **kwargs)
             ^^^^^^^^^^^^^^^^^^^^^^^^^^^^^
  File "/home/thor/kcj/envs/moeinf2502/lib/python3.12/site-packages/transformers/models/mixtral/modeling_mixtral.py", line 1287, in forward
    outputs = self.model(
              ^^^^^^^^^^^
  File "/home/thor/Envs/t26/lib/python3.12/site-packages/torch/nn/modules/module.py", line 1779, in _wrapped_call_impl
    return self._call_impl(*args, **kwargs)
           ^^^^^^^^^^^^^^^^^^^^^^^^^^^^^^^^
  File "/home/thor/Envs/t26/lib/python3.12/site-packages/torch/nn/modules/module.py", line 1885, in _call_impl
    return inner()
           ^^^^^^^
  File "/home/thor/Envs/t26/lib/python3.12/site-packages/torch/nn/modules/module.py", line 1833, in inner
    result = forward_call(*args, **kwargs)
             ^^^^^^^^^^^^^^^^^^^^^^^^^^^^^
  File "/home/thor/kcj/envs/moeinf2502/lib/python3.12/site-packages/transformers/models/mixtral/modeling_mixtral.py", line 1002, in forward
    layer_outputs = decoder_layer(
                    ^^^^^^^^^^^^^^
  File "/home/thor/Envs/t26/lib/python3.12/site-packages/torch/nn/modules/module.py", line 1779, in _wrapped_call_impl
    return self._call_impl(*args, **kwargs)
           ^^^^^^^^^^^^^^^^^^^^^^^^^^^^^^^^
  File "/home/thor/Envs/t26/lib/python3.12/site-packages/torch/nn/modules/module.py", line 1885, in _call_impl
    return inner()
           ^^^^^^^
  File "/home/thor/Envs/t26/lib/python3.12/site-packages/torch/nn/modules/module.py", line 1833, in inner
    result = forward_call(*args, **kwargs)
             ^^^^^^^^^^^^^^^^^^^^^^^^^^^^^
  File "/home/thor/kcj/envs/moeinf2502/lib/python3.12/site-packages/transformers/models/mixtral/modeling_mixtral.py", line 742, in forward
    hidden_states, router_logits = self.block_sparse_moe(hidden_states)
                                   ^^^^^^^^^^^^^^^^^^^^^^^^^^^^^^^^^^^^
  File "/home/thor/Envs/t26/lib/python3.12/site-packages/torch/nn/modules/module.py", line 1779, in _wrapped_call_impl
    return self._call_impl(*args, **kwargs)
           ^^^^^^^^^^^^^^^^^^^^^^^^^^^^^^^^
  File "/home/thor/Envs/t26/lib/python3.12/site-packages/torch/nn/modules/module.py", line 1885, in _call_impl
    return inner()
           ^^^^^^^
  File "/home/thor/Envs/t26/lib/python3.12/site-packages/torch/nn/modules/module.py", line 1833, in inner
    result = forward_call(*args, **kwargs)
             ^^^^^^^^^^^^^^^^^^^^^^^^^^^^^
  File "/home/thor/kcj/envs/moeinf2502/lib/python3.12/site-packages/moe_infinity/models/mixtral.py", line 71, in forward
    self.expert_prefetcher.fetch_experts_lock_cache(self.layer_id, expert_index)
  File "/home/thor/kcj/envs/moeinf2502/lib/python3.12/site-packages/moe_infinity/memory/expert_prefetcher.py", line 39, in fetch_experts_lock_cache
    tensor_ids.append(self.expert_tensor_map[(layer_id, j)])
                      ~~~~~~~~~~~~~~~~~~~~~~^^^^^^^^^^^^^^^
KeyError: (0, tensor([[5, 1],
        [2, 5],
        [2, 6],
        ...,
        [6, 3],
        [2, 5],
        [6, 0]], device='cuda:0'))
ArcherTaskPool destructor
cgroup_io_read_gib=1.237
cgroup_cpu_s=20.2 cgroup_user_s=17.9 cgroup_sys_s=2.3
