lb_2wikimqa_20: prefill 8192 decode 32
lb_dureader_16: prefill 8030 decode 32
lb_gov_report_0: prefill 6570 decode 32
lb_hotpotqa_6: prefill 8192 decode 32
lb_lcc_18: prefill 1943 decode 32
lb_lsht_13: prefill 8192 decode 32
lb_multi_news_1: prefill 5205 decode 32
lb_multifieldqa_en_10: prefill 1327 decode 32
lb_multifieldqa_zh_9: prefill 1753 decode 32
lb_musique_7: prefill 8192 decode 32
lb_narrativeqa_11: prefill 8192 decode 32
lb_passage_count_2: prefill 8192 decode 32
lb_passage_retrieval_en_12: prefill 8192 decode 32
lb_passage_retrieval_zh_15: prefill 4449 decode 32
lb_qasper_5: prefill 5635 decode 32
lb_qmsum_8: prefill 8192 decode 32
lb_repobench-p_4: prefill 8192 decode 32
lb_samsum_19: prefill 8192 decode 32
lb_trec_14: prefill 6153 decode 32
lb_triviaqa_17: prefill 4750 decode 32
lb_vcsum_3: prefill 5530 decode 32
wrote /home/thor/kcj/thor_gtier/results/SCOPE/rt_qwen30b_longbench.bin (98.1 MiB)
