[09-25 01:18:03] === stage 2 start ===
[09-25 01:18:03] run  conv_qwen30b_q4km
[09-25 01:18:13]   ok conv_qwen30b_q4km
[09-25 01:18:13] run  calib_mixtral8x7b
[09-25 01:19:02]   ok calib_mixtral8x7b
[09-25 01:19:02] skip mixtral8x7b/mmlu/sanity_ledger (no calibration)
[09-25 01:19:02] sanity run failed -- stage 2 stops
[09-25 01:20:07] === stage 2 start ===
[09-25 01:20:07] run  conv_qwen30b_q4km
[09-25 01:29:52]   ok conv_qwen30b_q4km
[09-25 01:29:52] run  calib_qwen30b
[09-25 01:30:27]   ok calib_qwen30b
[09-25 01:30:41] run  mx_mixtral8x7b_mmlu_sanity_ledger
[09-25 01:36:20]   ok mx_mixtral8x7b_mmlu_sanity_ledger
[09-25 01:36:20] run  mx_qwen30b_longbench_lru_0.25
[09-25 01:39:54]   ok mx_qwen30b_longbench_lru_0.25
[09-25 01:39:54] run  mx_qwen30b_longbench_moeinf_0.25
[09-25 01:43:43]   ok mx_qwen30b_longbench_moeinf_0.25
[09-25 01:43:43] run  mx_qwen30b_longbench_mixtral_0.25
[09-25 01:47:16]   ok mx_qwen30b_longbench_mixtral_0.25
[09-25 01:47:16] run  mx_qwen30b_longbench_ledger_0.25
[09-25 01:51:25]   ok mx_qwen30b_longbench_ledger_0.25
[09-25 01:51:25] run  mx_qwen30b_longbench_lru_0.45
[09-25 02:35:54] === stage 2 start ===
[09-25 02:36:08] run  mx_mixtral8x7b_mmlu_sanity_ledger
[09-25 02:41:47]   ok mx_mixtral8x7b_mmlu_sanity_ledger
[09-25 02:41:47] run  mx_qwen30b_longbench_ledger_0.25
[09-25 02:45:17]   ok mx_qwen30b_longbench_ledger_0.25
[09-25 02:45:17] run  mx_qwen30b_longbench_lru_0.45
[09-25 02:47:30]   ok mx_qwen30b_longbench_lru_0.45
[09-25 02:47:30] run  mx_qwen30b_longbench_moeinf_0.45
[09-25 02:49:38]   ok mx_qwen30b_longbench_moeinf_0.45
[09-25 02:49:38] run  mx_qwen30b_longbench_mixtral_0.45
[09-25 02:51:51]   ok mx_qwen30b_longbench_mixtral_0.45
[09-25 02:51:51] run  mx_qwen30b_longbench_ledger_0.45
[09-25 02:53:47]   ok mx_qwen30b_longbench_ledger_0.45
[09-25 02:53:47] run  mx_qwen30b_longbench_lru_0.65
[09-25 02:55:13]   ok mx_qwen30b_longbench_lru_0.65
[09-25 02:55:13] run  mx_qwen30b_longbench_moeinf_0.65
[09-25 02:56:38]   ok mx_qwen30b_longbench_moeinf_0.65
[09-25 02:56:38] run  mx_qwen30b_longbench_mixtral_0.65
[09-25 02:58:04]   ok mx_qwen30b_longbench_mixtral_0.65
[09-25 02:58:04] run  mx_qwen30b_longbench_ledger_0.65
[09-25 02:59:12]   ok mx_qwen30b_longbench_ledger_0.65
[09-25 02:59:12] run  mx_qwen30b_sharegpt_lru_0.25
[09-25 03:03:18]   ok mx_qwen30b_sharegpt_lru_0.25
[09-25 03:03:18] run  mx_qwen30b_sharegpt_moeinf_0.25
[09-25 03:07:33]   ok mx_qwen30b_sharegpt_moeinf_0.25
[09-25 03:07:33] run  mx_qwen30b_sharegpt_mixtral_0.25
[09-25 03:11:37]   ok mx_qwen30b_sharegpt_mixtral_0.25
[09-25 03:11:37] run  mx_qwen30b_sharegpt_ledger_0.25
[09-25 03:15:37]   ok mx_qwen30b_sharegpt_ledger_0.25
[09-25 03:15:37] run  mx_qwen30b_sharegpt_lru_0.45
[09-25 03:18:08]   ok mx_qwen30b_sharegpt_lru_0.45
[09-25 03:18:08] run  mx_qwen30b_sharegpt_moeinf_0.45
[09-25 03:20:15]   ok mx_qwen30b_sharegpt_moeinf_0.45
[09-25 03:20:15] run  mx_qwen30b_sharegpt_mixtral_0.45
[09-25 03:22:40]   ok mx_qwen30b_sharegpt_mixtral_0.45
[09-25 03:22:40] run  mx_qwen30b_sharegpt_ledger_0.45
[09-25 03:24:28]   ok mx_qwen30b_sharegpt_ledger_0.45
[09-25 03:24:28] run  mx_qwen30b_sharegpt_lru_0.65
[09-25 03:25:40]   ok mx_qwen30b_sharegpt_lru_0.65
[09-25 03:25:40] run  mx_qwen30b_sharegpt_moeinf_0.65
[09-25 03:26:47]   ok mx_qwen30b_sharegpt_moeinf_0.65
[09-25 03:26:47] run  mx_qwen30b_sharegpt_mixtral_0.65
[09-25 03:27:59]   ok mx_qwen30b_sharegpt_mixtral_0.65
[09-25 03:27:59] run  mx_qwen30b_sharegpt_ledger_0.65
[09-25 03:28:52]   ok mx_qwen30b_sharegpt_ledger_0.65
[09-25 03:28:52] run  mx_qwen30b_mmlu_lru_0.25
[09-25 03:31:11]   ok mx_qwen30b_mmlu_lru_0.25
[09-25 03:31:11] run  mx_qwen30b_mmlu_moeinf_0.25
[09-25 03:33:31]   ok mx_qwen30b_mmlu_moeinf_0.25
[09-25 03:33:31] run  mx_qwen30b_mmlu_mixtral_0.25
[09-25 03:35:45]   ok mx_qwen30b_mmlu_mixtral_0.25
[09-25 03:35:45] run  mx_qwen30b_mmlu_ledger_0.25
[09-25 03:37:49]   ok mx_qwen30b_mmlu_ledger_0.25
[09-25 03:37:49] run  mx_qwen30b_mmlu_lru_0.45
[09-25 03:39:40]   ok mx_qwen30b_mmlu_lru_0.45
[09-25 03:39:40] run  mx_qwen30b_mmlu_moeinf_0.45
[09-25 03:40:55]   ok mx_qwen30b_mmlu_moeinf_0.45
[09-25 03:40:55] run  mx_qwen30b_mmlu_mixtral_0.45
[09-25 03:42:40]   ok mx_qwen30b_mmlu_mixtral_0.45
[09-25 03:42:40] run  mx_qwen30b_mmlu_ledger_0.45
[09-25 03:43:56]   ok mx_qwen30b_mmlu_ledger_0.45
[09-25 03:43:56] run  mx_qwen30b_mmlu_lru_0.65
[09-25 03:44:45]   ok mx_qwen30b_mmlu_lru_0.65
[09-25 03:44:46] run  mx_qwen30b_mmlu_moeinf_0.65
[09-25 03:45:34]   ok mx_qwen30b_mmlu_moeinf_0.65
[09-25 03:45:34] run  mx_qwen30b_mmlu_mixtral_0.65
[09-25 03:46:23]   ok mx_qwen30b_mmlu_mixtral_0.65
[09-25 03:46:23] run  mx_qwen30b_mmlu_ledger_0.65
[09-25 03:47:08]   ok mx_qwen30b_mmlu_ledger_0.65
[09-25 03:47:08] run  mx_qwen30b_longbench_abl_noasync
[09-25 03:49:34]   ok mx_qwen30b_longbench_abl_noasync
[09-25 03:49:34] run  mx_qwen30b_longbench_abl_mix0
[09-25 03:51:40]   ok mx_qwen30b_longbench_abl_mix0
[09-25 03:51:40] run  mx_qwen30b_longbench_abl_mix1
[09-25 03:53:31]   ok mx_qwen30b_longbench_abl_mix1
[09-25 03:53:31] run  mx_qwen30b_longbench_abl_norec
[09-25 03:56:04]   ok mx_qwen30b_longbench_abl_norec
[09-25 03:56:04] run  mx_qwen30b_longbench_abl_nosel
[09-25 03:57:59]   ok mx_qwen30b_longbench_abl_nosel
[09-25 03:57:59] run  mx_qwen30b_longbench_abl_count
[09-25 04:00:29]   ok mx_qwen30b_longbench_abl_count
[09-25 04:00:29] run  mx_qwen30b_longbench_abl_profile
[09-25 04:02:21]   ok mx_qwen30b_longbench_abl_profile
[09-25 04:02:21] run  mx_qwen30b_longbench_abl_noprefix
[09-25 04:04:15]   ok mx_qwen30b_longbench_abl_noprefix
[09-25 04:04:15] run  mx_qwen30b_longbench_abl_nolive
[09-25 04:06:08]   ok mx_qwen30b_longbench_abl_nolive
[09-25 04:06:08] run  mx_qwen30b_longbench_abl_pread
[09-25 04:06:15]   FAILED mx_qwen30b_longbench_abl_pread (rc=1)
[09-25 04:06:15] run  mx_qwen30b_longbench_ref_none
[09-25 04:13:21]   ok mx_qwen30b_longbench_ref_none
[09-25 04:13:21] run  mx_qwen30b_sharegpt_abl_noasync
[09-25 04:15:39]   ok mx_qwen30b_sharegpt_abl_noasync
[09-25 04:15:39] run  mx_qwen30b_sharegpt_abl_mix0
[09-25 04:17:25]   ok mx_qwen30b_sharegpt_abl_mix0
[09-25 04:17:25] run  mx_qwen30b_sharegpt_abl_mix1
[09-25 04:19:24]   ok mx_qwen30b_sharegpt_abl_mix1
[09-25 04:19:24] run  mx_qwen30b_sharegpt_abl_norec
[09-25 04:21:27]   ok mx_qwen30b_sharegpt_abl_norec
[09-25 04:21:27] run  mx_qwen30b_sharegpt_abl_nosel
[09-25 04:23:14]   ok mx_qwen30b_sharegpt_abl_nosel
[09-25 04:23:14] run  mx_qwen30b_sharegpt_abl_count
[09-25 04:25:05]   ok mx_qwen30b_sharegpt_abl_count
[09-25 04:25:05] run  mx_qwen30b_sharegpt_abl_profile
[09-25 04:26:55]   ok mx_qwen30b_sharegpt_abl_profile
[09-25 04:26:55] run  mx_qwen30b_sharegpt_abl_noprefix
[09-25 04:28:41]   ok mx_qwen30b_sharegpt_abl_noprefix
[09-25 04:28:42] run  mx_qwen30b_sharegpt_abl_nolive
[09-25 04:30:27]   ok mx_qwen30b_sharegpt_abl_nolive
[09-25 04:30:27] run  mx_qwen30b_sharegpt_abl_pread
[09-25 04:32:49]   ok mx_qwen30b_sharegpt_abl_pread
[09-25 04:32:49] run  mx_qwen30b_sharegpt_ref_none
[09-25 04:40:39]   ok mx_qwen30b_sharegpt_ref_none
[09-25 04:40:39] run  mx_qwen30b_mmlu_abl_noasync
[09-25 04:42:20]   ok mx_qwen30b_mmlu_abl_noasync
[09-25 04:42:20] run  mx_qwen30b_mmlu_abl_mix0
[09-25 04:43:33]   ok mx_qwen30b_mmlu_abl_mix0
[09-25 04:43:33] run  mx_qwen30b_mmlu_abl_mix1
[09-25 04:45:00]   ok mx_qwen30b_mmlu_abl_mix1
[09-25 04:45:00] run  mx_qwen30b_mmlu_abl_norec
[09-25 04:46:17]   ok mx_qwen30b_mmlu_abl_norec
[09-25 04:46:17] run  mx_qwen30b_mmlu_abl_nosel
[09-25 04:47:33]   ok mx_qwen30b_mmlu_abl_nosel
[09-25 04:47:33] run  mx_qwen30b_mmlu_abl_count
[09-25 04:48:47]   ok mx_qwen30b_mmlu_abl_count
[09-25 04:48:47] run  mx_qwen30b_mmlu_abl_profile
[09-25 04:50:13]   ok mx_qwen30b_mmlu_abl_profile
[09-25 04:50:13] run  mx_qwen30b_mmlu_abl_noprefix
[09-25 04:51:30]   ok mx_qwen30b_mmlu_abl_noprefix
[09-25 04:51:30] run  mx_qwen30b_mmlu_abl_nolive
[09-25 04:52:46]   ok mx_qwen30b_mmlu_abl_nolive
[09-25 04:52:46] run  mx_qwen30b_mmlu_abl_pread
[09-25 04:54:30]   ok mx_qwen30b_mmlu_abl_pread
[09-25 04:54:30] run  mx_qwen30b_mmlu_ref_none
[09-25 04:57:53]   ok mx_qwen30b_mmlu_ref_none
[09-25 04:57:56] run  mx_mixtral8x7b_longbench_lru_0.25
[09-25 05:19:57]   ok mx_mixtral8x7b_longbench_lru_0.25
[09-25 05:19:57] run  mx_mixtral8x7b_longbench_moeinf_0.25
[09-25 05:42:56]   ok mx_mixtral8x7b_longbench_moeinf_0.25
[09-25 05:42:56] run  mx_mixtral8x7b_longbench_mixtral_0.25
[09-25 06:06:18]   ok mx_mixtral8x7b_longbench_mixtral_0.25
[09-25 06:06:18] run  mx_mixtral8x7b_longbench_ledger_0.25
[09-25 06:27:58]   ok mx_mixtral8x7b_longbench_ledger_0.25
[09-25 06:27:58] run  mx_mixtral8x7b_longbench_lru_0.45
[09-25 06:42:52]   ok mx_mixtral8x7b_longbench_lru_0.45
[09-25 06:42:52] run  mx_mixtral8x7b_longbench_moeinf_0.45
[09-25 06:58:14]   ok mx_mixtral8x7b_longbench_moeinf_0.45
[09-25 06:58:14] run  mx_mixtral8x7b_longbench_mixtral_0.45
[09-25 07:13:13]   ok mx_mixtral8x7b_longbench_mixtral_0.45
[09-25 07:13:13] run  mx_mixtral8x7b_longbench_ledger_0.45
[09-25 07:28:02]   ok mx_mixtral8x7b_longbench_ledger_0.45
[09-25 07:28:02] run  mx_mixtral8x7b_longbench_lru_0.65
[09-25 07:37:08]   ok mx_mixtral8x7b_longbench_lru_0.65
[09-25 07:37:08] run  mx_mixtral8x7b_longbench_moeinf_0.65
[09-25 07:46:40]   ok mx_mixtral8x7b_longbench_moeinf_0.65
[09-25 07:46:40] run  mx_mixtral8x7b_longbench_mixtral_0.65
[09-25 07:55:47]   ok mx_mixtral8x7b_longbench_mixtral_0.65
[09-25 07:55:47] run  mx_mixtral8x7b_longbench_ledger_0.65
[09-25 08:04:45]   ok mx_mixtral8x7b_longbench_ledger_0.65
[09-25 08:04:45] run  mx_mixtral8x7b_sharegpt_lru_0.25
[09-25 08:29:38]   ok mx_mixtral8x7b_sharegpt_lru_0.25
[09-25 08:29:38] run  mx_mixtral8x7b_sharegpt_moeinf_0.25
[09-25 08:54:36]   ok mx_mixtral8x7b_sharegpt_moeinf_0.25
[09-25 08:54:36] run  mx_mixtral8x7b_sharegpt_mixtral_0.25
[09-25 09:20:59]   ok mx_mixtral8x7b_sharegpt_mixtral_0.25
[09-25 09:20:59] run  mx_mixtral8x7b_sharegpt_ledger_0.25
[09-25 09:45:48]   ok mx_mixtral8x7b_sharegpt_ledger_0.25
[09-25 09:45:48] run  mx_mixtral8x7b_sharegpt_lru_0.45
[09-25 10:03:10]   ok mx_mixtral8x7b_sharegpt_lru_0.45
[09-25 10:03:10] run  mx_mixtral8x7b_sharegpt_moeinf_0.45
[09-25 10:20:59]   ok mx_mixtral8x7b_sharegpt_moeinf_0.45
[09-25 10:20:59] run  mx_mixtral8x7b_sharegpt_mixtral_0.45
[09-25 10:38:36]   ok mx_mixtral8x7b_sharegpt_mixtral_0.45
[09-25 10:38:36] run  mx_mixtral8x7b_sharegpt_ledger_0.45
[09-25 10:55:57]   ok mx_mixtral8x7b_sharegpt_ledger_0.45
[09-25 10:55:57] run  mx_mixtral8x7b_sharegpt_lru_0.65
[09-25 11:06:44]   ok mx_mixtral8x7b_sharegpt_lru_0.65
[09-25 11:06:44] run  mx_mixtral8x7b_sharegpt_moeinf_0.65
[09-25 11:18:05]   ok mx_mixtral8x7b_sharegpt_moeinf_0.65
[09-25 11:18:05] run  mx_mixtral8x7b_sharegpt_mixtral_0.65
[09-25 11:28:57]   ok mx_mixtral8x7b_sharegpt_mixtral_0.65
[09-25 11:28:57] run  mx_mixtral8x7b_sharegpt_ledger_0.65
[09-25 11:39:37]   ok mx_mixtral8x7b_sharegpt_ledger_0.65
[09-25 11:39:37] run  mx_mixtral8x7b_mmlu_lru_0.25
[09-25 11:48:10]   ok mx_mixtral8x7b_mmlu_lru_0.25
[09-25 11:48:10] run  mx_mixtral8x7b_mmlu_moeinf_0.25
[09-25 11:56:41]   ok mx_mixtral8x7b_mmlu_moeinf_0.25
[09-25 11:56:41] run  mx_mixtral8x7b_mmlu_mixtral_0.25
[09-25 12:05:30]   ok mx_mixtral8x7b_mmlu_mixtral_0.25
[09-25 12:05:30] run  mx_mixtral8x7b_mmlu_ledger_0.25
[09-25 12:13:36]   ok mx_mixtral8x7b_mmlu_ledger_0.25
[09-25 12:13:36] run  mx_mixtral8x7b_mmlu_lru_0.45
[09-25 12:19:33]   ok mx_mixtral8x7b_mmlu_lru_0.45
[09-25 12:19:33] run  mx_mixtral8x7b_mmlu_moeinf_0.45
[09-25 12:25:41]   ok mx_mixtral8x7b_mmlu_moeinf_0.45
[09-25 12:25:41] run  mx_mixtral8x7b_mmlu_mixtral_0.45
[09-25 12:31:38]   ok mx_mixtral8x7b_mmlu_mixtral_0.45
[09-25 12:31:38] run  mx_mixtral8x7b_mmlu_ledger_0.45
[09-25 12:36:55]   ok mx_mixtral8x7b_mmlu_ledger_0.45
[09-25 12:36:55] run  mx_mixtral8x7b_mmlu_lru_0.65
[09-25 12:40:58]   ok mx_mixtral8x7b_mmlu_lru_0.65
[09-25 12:40:59] run  mx_mixtral8x7b_mmlu_moeinf_0.65
[09-25 12:45:31]   ok mx_mixtral8x7b_mmlu_moeinf_0.65
[09-25 12:45:31] run  mx_mixtral8x7b_mmlu_mixtral_0.65
[09-25 12:49:33]   ok mx_mixtral8x7b_mmlu_mixtral_0.65
[09-25 12:49:33] run  mx_mixtral8x7b_mmlu_ledger_0.65
[09-25 12:49:41] === stage 2 start ===
[09-25 12:49:57] run  mx_qwen30b_longbench_abl_pread
[09-25 12:52:27]   ok mx_qwen30b_longbench_abl_pread
