[00:03:22] === final queue: all policies x budgets, one trace, one binary ===
[00:03:22] run  f_none
none          | TTFT(io)   9.075 s  prefill   33.40 GiB | look=0   | TPOT(io)  941.14 ms  decode   3.375 GiB/tok | stall 197.953 s | bg   0.00 GiB vs shadow   0.49 GiB | pins 0 evict 0 | total  724.84 GiB
[00:06:44] run  f_b16_p1
lru           | TTFT(io)   6.256 s  prefill   22.88 GiB | look=0   | TPOT(io)  418.33 ms  decode   1.484 GiB/tok | stall 113.936 s | bg   0.00 GiB vs shadow   0.49 GiB | pins 0 evict 0 | total  417.00 GiB
[00:08:51] run  f_b16_p2
lru+phase     | TTFT(io)   6.276 s  prefill   22.89 GiB | look=0   | TPOT(io)  103.43 ms  decode   0.357 GiB/tok | stall  83.945 s | bg   0.00 GiB vs shadow   0.49 GiB | pins 0 evict 0 | total  308.98 GiB
[00:10:29] run  f_b16_p3
per-layer     | TTFT(io)   6.208 s  prefill   22.67 GiB | look=0   | TPOT(io)  363.73 ms  decode   1.290 GiB/tok | stall 108.109 s | bg   0.00 GiB vs shadow   0.49 GiB | pins 0 evict 0 | total  395.87 GiB
[00:12:31] run  f_b16_p4
prefix        | TTFT(io)   6.150 s  prefill   22.81 GiB | look=0   | TPOT(io)  635.16 ms  decode   2.308 GiB/tok | stall 133.479 s | bg   0.00 GiB vs shadow   0.49 GiB | pins 0 evict 0 | total  495.20 GiB
[00:14:58] run  f_b16_p5
online        | TTFT(io)   6.314 s  prefill   23.07 GiB | look=0   | TPOT(io)  108.28 ms  decode   0.375 GiB/tok | stall  84.864 s | bg  36.24 GiB vs shadow   0.49 GiB | pins 0 evict 0 | total  312.93 GiB
[00:16:36] run  f_b16_p6
online+prefix | TTFT(io)   6.312 s  prefill   23.07 GiB | look=0   | TPOT(io)  108.51 ms  decode   0.375 GiB/tok | stall  84.856 s | bg  36.24 GiB vs shadow   0.49 GiB | pins 3 evict 0 | total  312.93 GiB
[00:18:15] run  f_b16_p7
multi-prefix  | TTFT(io)   6.314 s  prefill   23.07 GiB | look=0   | TPOT(io)  108.73 ms  decode   0.375 GiB/tok | stall  84.903 s | bg  36.24 GiB vs shadow   0.49 GiB | pins 3 evict 0 | total  312.93 GiB
[00:19:53] run  f_b16_p8
unified       | TTFT(io)   5.942 s  prefill   21.67 GiB | look=0   | TPOT(io)   65.87 ms  decode   0.221 GiB/tok | stall  76.331 s | bg   0.00 GiB vs shadow   0.49 GiB | pins 0 evict 0 | total  281.28 GiB
[00:21:23] run  f_b16_p9
unified-online | TTFT(io)   6.189 s  prefill   22.61 GiB | look=0   | TPOT(io)  109.39 ms  decode   0.374 GiB/tok | stall  83.469 s | bg   0.00 GiB vs shadow   0.49 GiB | pins 0 evict 0 | total  307.19 GiB
[00:23:01] run  f_b16_p10
moe-inf*      | TTFT(io)   6.290 s  prefill   22.91 GiB | look=0   | TPOT(io)  125.59 ms  decode   0.434 GiB/tok | stall  86.230 s | bg   0.00 GiB vs shadow   0.49 GiB | pins 0 evict 0 | total  316.49 GiB
[00:24:41] run  f_b16_p11
mixtral*      | TTFT(io)   6.263 s  prefill   22.87 GiB | look=0   | TPOT(io)  327.69 ms  decode   1.157 GiB/tok | stall 105.317 s | bg   0.00 GiB vs shadow   0.49 GiB | pins 0 evict 0 | total  385.48 GiB
[00:26:43] run  f_b24_p1
lru           | TTFT(io)   4.543 s  prefill   16.54 GiB | look=0   | TPOT(io)  363.15 ms  decode   1.282 GiB/tok | stall  88.082 s | bg   0.00 GiB vs shadow   0.49 GiB | pins 0 evict 0 | total  321.50 GiB
[00:28:28] run  f_b24_p2
lru+phase     | TTFT(io)   4.762 s  prefill   17.32 GiB | look=0   | TPOT(io)   35.79 ms  decode   0.122 GiB/tok | stall  59.293 s | bg   0.00 GiB vs shadow   0.49 GiB | pins 0 evict 0 | total  219.60 GiB
[00:29:42] run  f_b24_p3
per-layer     | TTFT(io)   4.408 s  prefill   15.99 GiB | look=0   | TPOT(io)  208.48 ms  decode   0.730 GiB/tok | stall  71.607 s | bg   0.00 GiB vs shadow   0.49 GiB | pins 0 evict 0 | total  261.91 GiB
[00:31:10] run  f_b24_p4
prefix        | TTFT(io)   4.309 s  prefill   16.12 GiB | look=0   | TPOT(io)  437.08 ms  decode   1.583 GiB/tok | stall  92.370 s | bg   0.00 GiB vs shadow   0.49 GiB | pins 0 evict 0 | total  345.44 GiB
[00:32:58] run  f_b24_p5
online        | TTFT(io)   5.430 s  prefill   19.73 GiB | look=0   | TPOT(io)   59.04 ms  decode   0.203 GiB/tok | stall  69.544 s | bg  19.53 GiB vs shadow   0.49 GiB | pins 0 evict 0 | total  256.33 GiB
[00:34:23] run  f_b24_p6
online+prefix | TTFT(io)   4.983 s  prefill   18.12 GiB | look=0   | TPOT(io)   70.29 ms  decode   0.243 GiB/tok | stall  65.244 s | bg  23.35 GiB vs shadow   0.49 GiB | pins 3 evict 0 | total  240.80 GiB
[00:35:44] run  f_b24_p7
multi-prefix  | TTFT(io)   4.993 s  prefill   18.12 GiB | look=0   | TPOT(io)   70.67 ms  decode   0.243 GiB/tok | stall  65.402 s | bg  23.35 GiB vs shadow   0.49 GiB | pins 3 evict 0 | total  240.80 GiB
[00:37:05] run  f_b24_p8
unified       | TTFT(io)   3.925 s  prefill   14.14 GiB | look=0   | TPOT(io)   22.97 ms  decode   0.076 GiB/tok | stall  48.000 s | bg   0.00 GiB vs shadow   0.49 GiB | pins 0 evict 0 | total  176.94 GiB
[00:38:09] run  f_b24_p9
unified-online | TTFT(io)   4.377 s  prefill   15.86 GiB | look=0   | TPOT(io)   57.92 ms  decode   0.195 GiB/tok | stall  56.777 s | bg   0.00 GiB vs shadow   0.49 GiB | pins 0 evict 0 | total  209.08 GiB
[00:39:22] run  f_b24_p10
moe-inf*      | TTFT(io)   4.757 s  prefill   17.33 GiB | look=0   | TPOT(io)   43.42 ms  decode   0.148 GiB/tok | stall  59.951 s | bg   0.00 GiB vs shadow   0.49 GiB | pins 0 evict 0 | total  222.19 GiB
[00:40:38] run  f_b24_p11
mixtral*      | TTFT(io)   4.558 s  prefill   16.54 GiB | look=0   | TPOT(io)  314.33 ms  decode   1.104 GiB/tok | stall  83.575 s | bg   0.00 GiB vs shadow   0.49 GiB | pins 0 evict 0 | total  304.39 GiB
