[12:17:30] === final queue: all policies x budgets, one trace, one binary ===
[12:17:30] skip f_none
[12:17:30] skip f_b16_p1
[12:17:30] skip f_b16_p2
[12:17:30] skip f_b16_p3
[12:17:30] skip f_b16_p4
[12:17:30] skip f_b16_p5
[12:17:30] skip f_b16_p6
[12:17:30] skip f_b16_p7
[12:17:30] skip f_b16_p8
[12:17:30] skip f_b16_p9
[12:17:30] skip f_b16_p10
[12:17:30] skip f_b16_p11
[12:17:33] skip f_b24_p1
[12:17:33] skip f_b24_p2
[12:17:33] skip f_b24_p3
[12:17:33] skip f_b24_p4
[12:17:33] skip f_b24_p5
[12:17:33] skip f_b24_p6
[12:17:33] skip f_b24_p7
[12:17:33] skip f_b24_p8
[12:17:33] skip f_b24_p9
[12:17:33] skip f_b24_p10
[12:17:33] skip f_b24_p11
[12:17:36] skip f_b32_p1
[12:17:36] skip f_b32_p2
[12:17:36] skip f_b32_p3
[12:17:36] skip f_b32_p4
[12:17:36] skip f_b32_p5
[12:17:36] skip f_b32_p6
[12:17:36] skip f_b32_p7
[12:17:36] skip f_b32_p8
[12:17:36] skip f_b32_p9
[12:17:36] skip f_b32_p10
[12:17:36] skip f_b32_p11
[12:17:39] skip f_b40_p1
[12:17:39] skip f_b40_p2
[12:17:39] skip f_b40_p3
[12:17:39] skip f_b40_p4
[12:17:39] skip f_b40_p5
[12:17:39] skip f_b40_p6
[12:17:39] skip f_b40_p7
[12:17:39] skip f_b40_p8
[12:17:39] skip f_b40_p9
[12:17:39] skip f_b40_p10
[12:17:39] skip f_b40_p11
[12:17:42] skip f_b48_p1
[12:17:42] skip f_b48_p2
[12:17:42] skip f_b48_p3
[12:17:42] skip f_b48_p4
[12:17:42] skip f_b48_p5
[12:17:42] skip f_b48_p6
[12:17:42] skip f_b48_p7
[12:17:42] skip f_b48_p8
[12:17:42] skip f_b48_p9
[12:17:42] skip f_b48_p10
[12:17:42] skip f_b48_p11
[12:17:45] skip f_look1_p8
[12:17:45] skip f_look1_p3
[12:17:45] skip f_look2_p8
[12:17:45] skip f_look2_p3
[12:17:45] skip f_look4_p8
[12:17:45] skip f_look4_p3
[12:17:45] skip f_look8_p8
[12:17:45] skip f_look8_p3
[12:17:45] skip f_look16_p8
[12:17:45] skip f_look16_p3
[12:17:48] skip f_intl_p2
[12:17:48] skip f_intl_p3
[12:17:48] skip f_intl_p4
[12:17:48] skip f_intl_p8
[12:17:48] skip f_intl_p9
[12:17:51] === final queue done ===
[12:54:40] === final queue: all policies x budgets, one trace, one binary ===
[12:54:40] skip f_none
[12:54:40] skip f_b16_p1
[12:54:40] skip f_b16_p2
[12:54:40] skip f_b16_p3
[12:54:40] skip f_b16_p4
[12:54:40] skip f_b16_p5
[12:54:40] skip f_b16_p6
[12:54:40] skip f_b16_p7
[12:54:40] skip f_b16_p8
[12:54:40] skip f_b16_p9
[12:54:40] skip f_b16_p10
[12:54:40] skip f_b16_p11
[12:54:43] skip f_b24_p1
[12:54:43] skip f_b24_p2
[12:54:43] skip f_b24_p3
[12:54:43] skip f_b24_p4
[12:54:43] skip f_b24_p5
[12:54:43] skip f_b24_p6
[12:54:43] skip f_b24_p7
[12:54:43] skip f_b24_p8
[12:54:43] skip f_b24_p9
[12:54:43] skip f_b24_p10
[12:54:43] skip f_b24_p11
[12:54:46] skip f_b32_p1
[12:54:46] skip f_b32_p2
[12:54:46] skip f_b32_p3
[12:54:46] skip f_b32_p4
[12:54:46] skip f_b32_p5
[12:54:46] skip f_b32_p6
[12:54:46] skip f_b32_p7
[12:54:46] skip f_b32_p8
[12:54:46] skip f_b32_p9
[12:54:46] skip f_b32_p10
[12:54:46] skip f_b32_p11
[12:54:49] skip f_b40_p1
[12:54:49] skip f_b40_p2
[12:54:49] skip f_b40_p3
[12:54:49] skip f_b40_p4
[12:54:49] skip f_b40_p5
[12:54:49] skip f_b40_p6
[12:54:49] skip f_b40_p7
[12:54:49] skip f_b40_p8
[12:54:49] skip f_b40_p9
[12:54:49] skip f_b40_p10
[12:54:49] skip f_b40_p11
[12:54:52] skip f_b48_p1
[12:54:52] skip f_b48_p2
[12:54:52] skip f_b48_p3
[12:54:52] skip f_b48_p4
[12:54:52] skip f_b48_p5
[12:54:52] skip f_b48_p6
[12:54:52] skip f_b48_p7
[12:54:52] skip f_b48_p8
[12:54:52] skip f_b48_p9
[12:54:52] skip f_b48_p10
[12:54:52] skip f_b48_p11
