[16:00:21] === serving queue start  model=/home/thor/kcj/models/qwen3_30b_a3b  max-decode=8 ===
[16:00:21] run  e1_none
none       | TTFT(io)   8.241 s  prefill   32.94 GiB | TPOT(io)  862.24 ms  decode   3.375 GiB/tok | total  359.62 GiB
[16:01:54] run  e1_b12_p1
lru        | TTFT(io)   6.665 s  prefill   26.45 GiB | TPOT(io)  361.23 ms  decode   1.397 GiB/tok | total  225.74 GiB
[16:03:00] run  e1_b12_p2
lru+phase  | TTFT(io)   6.623 s  prefill   26.45 GiB | TPOT(io)  336.62 ms  decode   1.299 GiB/tok | total  221.06 GiB
[16:04:05] run  e1_b12_p3
per-layer  | TTFT(io)   6.343 s  prefill   25.45 GiB | TPOT(io)  405.03 ms  decode   1.591 GiB/tok | total  229.08 GiB
[16:05:11] run  e1_b12_p4
prefix     | TTFT(io)   6.248 s  prefill   25.15 GiB | TPOT(io)  638.15 ms  decode   2.516 GiB/tok | total  271.63 GiB
[16:06:28] run  e1_b16_p1
lru        | TTFT(io)   5.862 s  prefill   23.52 GiB | TPOT(io)  369.91 ms  decode   1.443 GiB/tok | total  210.38 GiB
[16:07:33] run  e1_b16_p2
lru+phase  | TTFT(io)   5.933 s  prefill   23.65 GiB | TPOT(io)  121.45 ms  decode   0.461 GiB/tok | total  164.00 GiB
[16:08:26] run  e1_b16_p3
per-layer  | TTFT(io)   5.543 s  prefill   22.20 GiB | TPOT(io)  318.04 ms  decode   1.246 GiB/tok | total  192.98 GiB
[16:09:26] run  e1_b16_p4
prefix        | TTFT(io)   5.588 s  prefill   22.79 GiB | TPOT(io)  594.77 ms  decode   2.364 GiB/tok | stall  61.271 s | bg   0.00 GiB vs shadow   0.24 GiB | pins 0 evict 0 | total  250.25 GiB
[16:10:40] run  e1_b24_p1
lru           | TTFT(io)   4.485 s  prefill   17.99 GiB | TPOT(io)  306.69 ms  decode   1.191 GiB/tok | stall  40.827 s | bg   0.00 GiB vs shadow   0.24 GiB | pins 0 evict 0 | total  165.10 GiB
[16:11:35] run  e1_b24_p2
[16:12:12] === serving queue start  model=/home/thor/kcj/models/qwen3_30b_a3b  max-decode=8 ===
[16:12:12] skip e1_none
[16:12:12] skip e1_b12_p1
[16:12:12] skip e1_b12_p2
[16:12:12] skip e1_b12_p3
[16:12:12] skip e1_b12_p4
[16:12:12] skip e1_b16_p1
[16:12:12] skip e1_b16_p2
[16:12:12] run  e1_b16_p3
