[17:13:53] === queue 3: multi-prefix, interleaving, stall  trace=routing_multi.bin ===
[17:13:53] run  e6_b24_noprefix
lru+phase     | TTFT(io)   4.340 s  prefill   17.32 GiB | TPOT(io)   32.43 ms  decode   0.122 GiB/tok | stall  53.912 s | bg   0.00 GiB vs shadow   0.49 GiB | pins 0 evict 0 | total  219.60 GiB
[17:15:02] run  e6_b24_single
prefix        | TTFT(io)   3.938 s  prefill   16.12 GiB | TPOT(io)  399.56 ms  decode   1.583 GiB/tok | stall  84.307 s | bg   0.00 GiB vs shadow   0.49 GiB | pins 0 evict 0 | total  345.44 GiB
[17:16:41] run  e6_b24_multi_cap0
multi-prefix  | TTFT(io)   4.551 s  prefill   18.12 GiB | TPOT(io)   64.03 ms  decode   0.243 GiB/tok | stall  59.463 s | bg  23.35 GiB vs shadow   0.49 GiB | pins 3 evict 0 | total  240.80 GiB
[17:17:56] run  e6_b24_multi_cap4
multi-prefix  | TTFT(io)   4.468 s  prefill   17.74 GiB | TPOT(io)   58.71 ms  decode   0.223 GiB/tok | stall  57.952 s | bg  21.45 GiB vs shadow   0.49 GiB | pins 1 evict 2 | total  234.30 GiB
[17:19:09] run  e6_b24_multi_cap8
multi-prefix  | TTFT(io)   4.396 s  prefill   17.49 GiB | TPOT(io)   63.35 ms  decode   0.242 GiB/tok | stall  57.530 s | bg  23.21 GiB vs shadow   0.49 GiB | pins 1 evict 2 | total  233.10 GiB
[17:20:21] run  e6_b24_multi_cap16
multi-prefix  | TTFT(io)   4.402 s  prefill   17.49 GiB | TPOT(io)   63.57 ms  decode   0.242 GiB/tok | stall  57.622 s | bg  23.21 GiB vs shadow   0.49 GiB | pins 1 evict 2 | total  233.10 GiB
[17:21:34] run  e6_b40_noprefix
lru+phase     | TTFT(io)   1.855 s  prefill    7.38 GiB | TPOT(io)   11.33 ms  decode   0.042 GiB/tok | stall  22.077 s | bg   0.00 GiB vs shadow   0.49 GiB | pins 0 evict 0 | total   92.55 GiB
[17:22:19] run  e6_b40_single
prefix        | TTFT(io)   0.900 s  prefill    3.52 GiB | TPOT(io)   33.34 ms  decode   0.124 GiB/tok | stall  12.703 s | bg   0.00 GiB vs shadow   0.49 GiB | pins 0 evict 0 | total   54.18 GiB
[17:22:55] run  e6_b40_multi_cap0
multi-prefix  | TTFT(io)   2.234 s  prefill    8.90 GiB | TPOT(io)   44.62 ms  decode   0.171 GiB/tok | stall  29.830 s | bg  16.40 GiB vs shadow   0.49 GiB | pins 3 evict 0 | total  123.16 GiB
[17:23:49] run  e6_b40_multi_cap4
multi-prefix  | TTFT(io)   4.280 s  prefill   17.02 GiB | TPOT(io)   51.98 ms  decode   0.198 GiB/tok | stall  55.065 s | bg  19.00 GiB vs shadow   0.49 GiB | pins 1 evict 2 | total  223.29 GiB
[17:25:07] run  e6_b40_multi_cap8
multi-prefix  | TTFT(io)   3.630 s  prefill   14.40 GiB | TPOT(io)   49.53 ms  decode   0.189 GiB/tok | stall  47.031 s | bg  18.17 GiB vs shadow   0.49 GiB | pins 1 evict 2 | total  190.96 GiB
[17:26:18] run  e6_b40_multi_cap16
multi-prefix  | TTFT(io)   2.454 s  prefill    9.77 GiB | TPOT(io)   45.02 ms  decode   0.172 GiB/tok | stall  32.497 s | bg  16.48 GiB vs shadow   0.49 GiB | pins 1 evict 2 | total  133.66 GiB
[17:27:17] run  e7_b24_p1_seq
lru           | TTFT(io)   4.151 s  prefill   16.54 GiB | TPOT(io)  331.16 ms  decode   1.282 GiB/tok | stall  80.296 s | bg   0.00 GiB vs shadow   0.49 GiB | pins 0 evict 0 | total  321.50 GiB
[17:28:52] run  e7_b24_p1_intl
lru           | TTFT(io)   4.190 s  prefill   16.72 GiB | TPOT(io)   38.16 ms  decode   0.144 GiB/tok | stall  52.646 s | bg   0.00 GiB vs shadow   0.49 GiB | pins 0 evict 0 | total  214.42 GiB
[17:29:59] run  e7_b24_p2_seq
lru+phase     | TTFT(io)   4.351 s  prefill   17.32 GiB | TPOT(io)   32.41 ms  decode   0.122 GiB/tok | stall  54.040 s | bg   0.00 GiB vs shadow   0.49 GiB | pins 0 evict 0 | total  219.60 GiB
[17:31:08] run  e7_b24_p2_intl
lru+phase     | TTFT(io)   4.458 s  prefill   17.83 GiB | TPOT(io)   32.78 ms  decode   0.124 GiB/tok | stall  55.355 s | bg   0.00 GiB vs shadow   0.49 GiB | pins 0 evict 0 | total  225.91 GiB
[17:32:19] run  e7_b24_p4_seq
prefix        | TTFT(io)   3.934 s  prefill   16.12 GiB | TPOT(io)  399.62 ms  decode   1.583 GiB/tok | stall  84.265 s | bg   0.00 GiB vs shadow   0.49 GiB | pins 0 evict 0 | total  345.44 GiB
[17:33:58] run  e7_b24_p4_intl
prefix        | TTFT(io)   3.944 s  prefill   16.12 GiB | TPOT(io)  398.25 ms  decode   1.583 GiB/tok | stall  84.260 s | bg   0.00 GiB vs shadow   0.49 GiB | pins 0 evict 0 | total  345.44 GiB
[17:35:37] run  e7_b24_p7_seq
multi-prefix  | TTFT(io)   4.565 s  prefill   18.12 GiB | TPOT(io)   64.08 ms  decode   0.243 GiB/tok | stall  59.635 s | bg  23.35 GiB vs shadow   0.49 GiB | pins 3 evict 0 | total  240.80 GiB
[17:36:52] run  e7_b24_p7_intl
multi-prefix  | TTFT(io)   4.786 s  prefill   19.04 GiB | TPOT(io)  279.52 ms  decode   1.082 GiB/tok | stall  82.965 s | bg 103.90 GiB vs shadow   0.49 GiB | pins 3 evict 0 | total  332.40 GiB
[17:38:29] run  e7_b40_p1_seq
lru           | TTFT(io)   1.732 s  prefill    6.84 GiB | TPOT(io)   12.89 ms  decode   0.048 GiB/tok | stall  20.753 s | bg   0.00 GiB vs shadow   0.49 GiB | pins 0 evict 0 | total   86.63 GiB
[17:39:14] run  e7_b40_p1_intl
lru           | TTFT(io)   1.941 s  prefill    7.71 GiB | TPOT(io)   11.84 ms  decode   0.044 GiB/tok | stall  23.160 s | bg   0.00 GiB vs shadow   0.49 GiB | pins 0 evict 0 | total   96.67 GiB
[17:40:00] run  e7_b40_p2_seq
lru+phase     | TTFT(io)   1.846 s  prefill    7.38 GiB | TPOT(io)   11.27 ms  decode   0.042 GiB/tok | stall  21.965 s | bg   0.00 GiB vs shadow   0.49 GiB | pins 0 evict 0 | total   92.55 GiB
[17:40:46] run  e7_b40_p2_intl
lru+phase     | TTFT(io)   1.945 s  prefill    7.80 GiB | TPOT(io)    9.32 ms  decode   0.034 GiB/tok | stall  22.958 s | bg   0.00 GiB vs shadow   0.49 GiB | pins 0 evict 0 | total   96.91 GiB
[17:41:32] run  e7_b40_p4_seq
prefix        | TTFT(io)   0.902 s  prefill    3.52 GiB | TPOT(io)   33.42 ms  decode   0.124 GiB/tok | stall  12.743 s | bg   0.00 GiB vs shadow   0.49 GiB | pins 0 evict 0 | total   54.18 GiB
[17:42:08] run  e7_b40_p4_intl
prefix        | TTFT(io)   0.898 s  prefill    3.52 GiB | TPOT(io)   33.25 ms  decode   0.124 GiB/tok | stall  12.680 s | bg   0.00 GiB vs shadow   0.49 GiB | pins 0 evict 0 | total   54.18 GiB
[17:42:45] run  e7_b40_p7_seq
multi-prefix  | TTFT(io)   2.239 s  prefill    8.90 GiB | TPOT(io)   44.68 ms  decode   0.171 GiB/tok | stall  29.892 s | bg  16.40 GiB vs shadow   0.49 GiB | pins 3 evict 0 | total  123.16 GiB
[17:43:38] run  e7_b40_p7_intl
multi-prefix  | TTFT(io)   2.892 s  prefill   11.53 GiB | TPOT(io)   12.92 ms  decode   0.051 GiB/tok | stall  34.660 s | bg   4.90 GiB vs shadow   0.49 GiB | pins 3 evict 0 | total  143.31 GiB
[17:44:39] run  e8_cms0.0
multi-prefix  | TTFT(io)   2.232 s  prefill    8.90 GiB | TPOT(io)   44.50 ms  decode   0.171 GiB/tok | stall  31.053 s | bg  16.40 GiB vs shadow   0.00 GiB | pins 3 evict 0 | total  123.16 GiB
[17:45:32] run  e8_cms0.89
multi-prefix  | TTFT(io)   2.232 s  prefill    8.90 GiB | TPOT(io)   44.54 ms  decode   0.171 GiB/tok | stall  29.789 s | bg  16.40 GiB vs shadow   0.49 GiB | pins 3 evict 0 | total  123.16 GiB
[17:46:26] run  e8_cms5
multi-prefix  | TTFT(io)   2.236 s  prefill    8.90 GiB | TPOT(io)   44.67 ms  decode   0.171 GiB/tok | stall  24.041 s | bg  16.40 GiB vs shadow   2.73 GiB | pins 3 evict 0 | total  123.16 GiB
[17:47:19] run  e8_cms20
multi-prefix  | TTFT(io)   2.233 s  prefill    8.90 GiB | TPOT(io)   44.57 ms  decode   0.171 GiB/tok | stall  14.103 s | bg  16.40 GiB vs shadow  10.91 GiB | pins 3 evict 0 | total  123.16 GiB
