[17:48:21] === token rate queue: max-decode=4 ===
[17:48:21] run  t_b24_p1
lru           | io  338.06 ms/tok | compute   28.87 ms (floor  14.27) -> **  2.725 tok/s** (ceiling   2.838) | prefill I/O   4.085 s
[17:49:42] run  t_b24_p10
moe-inf*      | io   38.49 ms/tok | compute   27.60 ms (floor  14.27) -> ** 15.130 tok/s** (ceiling  18.953) | prefill I/O   4.309 s
[17:50:51] run  t_b24_p11
mixtral*      | io  276.73 ms/tok | compute   28.10 ms (floor  14.27) -> **  3.281 tok/s** (ceiling   3.437) | prefill I/O   4.072 s
[17:52:09] run  t_b24_p2
lru+phase     | io   34.55 ms/tok | compute   27.87 ms (floor  14.27) -> ** 16.022 tok/s** (ceiling  20.485) | prefill I/O   4.317 s
[17:53:18] run  t_b24_p3
per-layer     | io  290.86 ms/tok | compute   28.90 ms (floor  14.27) -> **  3.127 tok/s** (ceiling   3.277) | prefill I/O   3.942 s
[17:54:44] run  t_b24_p4
prefix        | io  392.43 ms/tok | compute   30.08 ms (floor  14.27) -> **  2.367 tok/s** (ceiling   2.459) | prefill I/O   3.882 s
[17:56:13] run  t_b24_p7
multi-prefix  | io   70.82 ms/tok | compute   28.95 ms (floor  14.27) -> ** 10.023 tok/s** (ceiling  11.753) | prefill I/O   4.540 s
[17:57:27] run  t_b24_p5
online        | io   67.20 ms/tok | compute   28.83 ms (floor  14.27) -> ** 10.413 tok/s** (ceiling  12.275) | prefill I/O   6.013 s
[17:58:58] run  t_b24_p6
online+prefix | io   70.65 ms/tok | compute   28.67 ms (floor  14.27) -> ** 10.069 tok/s** (ceiling  11.776) | prefill I/O   4.533 s
[18:00:11] run  t_b24_p8
unified       | io   25.78 ms/tok | compute   27.92 ms (floor  14.27) -> ** 18.622 tok/s** (ceiling  24.969) | prefill I/O   3.339 s
[18:01:17] run  t_b24_p9
unified-online | io   55.55 ms/tok | compute   28.71 ms (floor  14.27) -> ** 11.867 tok/s** (ceiling  14.323) | prefill I/O   3.792 s
[18:02:24] run  t_b40_p1
lru           | io   12.61 ms/tok | compute   23.34 ms (floor  14.27) -> ** 27.813 tok/s** (ceiling  37.201) | prefill I/O   1.747 s
[18:03:11] run  t_b40_p10
moe-inf*      | io   11.91 ms/tok | compute   24.03 ms (floor  14.27) -> ** 27.820 tok/s** (ceiling  38.200) | prefill I/O   1.861 s
[18:03:58] run  t_b40_p11
mixtral*      | io   12.67 ms/tok | compute   24.15 ms (floor  14.27) -> ** 27.162 tok/s** (ceiling  37.123) | prefill I/O   1.732 s
[18:04:44] run  t_b40_p2
lru+phase     | io   11.99 ms/tok | compute   24.39 ms (floor  14.27) -> ** 27.485 tok/s** (ceiling  38.083) | prefill I/O   1.858 s
[18:05:32] run  t_b40_p3
per-layer     | io    8.78 ms/tok | compute   24.30 ms (floor  14.27) -> ** 30.225 tok/s** (ceiling  43.386) | prefill I/O   1.346 s
[18:06:27] run  t_b40_p4
prefix        | io   58.38 ms/tok | compute   25.27 ms (floor  14.27) -> ** 11.954 tok/s** (ceiling  13.765) | prefill I/O   0.868 s
[18:07:20] run  t_b40_p7
multi-prefix  | io   60.06 ms/tok | compute   23.99 ms (floor  14.27) -> ** 11.897 tok/s** (ceiling  13.453) | prefill I/O   2.317 s
[18:08:15] run  t_b40_p5
online        | io   66.98 ms/tok | compute   28.85 ms (floor  14.27) -> ** 10.435 tok/s** (ceiling  12.309) | prefill I/O   5.963 s
[18:09:54] run  t_b40_p6
online+prefix | io   59.10 ms/tok | compute   24.10 ms (floor  14.27) -> ** 12.020 tok/s** (ceiling  13.631) | prefill I/O   2.302 s
[18:10:49] run  t_b40_p8
unified       | io    3.13 ms/tok | compute   21.22 ms (floor  14.27) -> ** 41.082 tok/s** (ceiling  57.497) | prefill I/O   0.563 s
[18:11:35] run  t_b40_p9
unified-online | io   15.53 ms/tok | compute   23.28 ms (floor  14.27) -> ** 25.766 tok/s** (ceiling  33.560) | prefill I/O   1.461 s
